set -xeuo pipefail
export "PATH=$PATH:/sbin:/usr/local/bin:/opt/bin"
if sudo test -f "test-dir1/cfg/audit-webhook-config.yaml"; then
	sudo mkdir -p /etc/kubernetes/audit
	sudo mv test-dir1/cfg/audit-webhook-config.yaml /etc/kubernetes/audit/webhook-config.yaml
	sudo chown root:root /etc/kubernetes/audit/webhook-config.yaml
fi
